$ nl -ba SE/BE/app/integrations/carsky/mapper.py | sed -n '87,214p'

    87	    def map_decision_event(
    88	        self,
    89	        event: Mapping[str, Any],
    90	        *,
    91	        data_age_ms: int = 0,
    92	    ) -> dict[str, list[dict[str, Any]]]:
    93	        """Map the AI-owned DecisionEvent without recomputing its decision.
    94	
    95	        Only evidence already emitted by AI is forwarded. Missing telemetry is
    96	        omitted instead of fabricated. Alert type/severity/lifecycle remain
    97	        owned by AI; Backend only translates them to the stable VSS vocabulary.
    98	        """
    99	        if data_age_ms < 0:
   100	            raise ValueError("data_age_ms must not be negative")
   101	        status = str(event.get("status", "update")).lower()
   102	        severity = str(event.get("severity", "warning")).lower()
   103	        alert_type = str(event.get("alert_type", "unknown"))
   104	        evidence = event.get("evidence") or {}
   105	        if not isinstance(evidence, Mapping):
   106	            evidence = {}
   107	
   108	        hmi_state = (
   109	            CarSkyHMIState.RECOVERY
   110	            if status == "resolved"
   111	            else CarSkyHMIState.CRITICAL
   112	            if severity == "critical"
   113	            else CarSkyHMIState.WARNING
   114	        )
   115	        transition = {
   116	            "open": EventTransition.START,
   117	            "update": EventTransition.UPDATE,
   118	            "resolved": EventTransition.END,
   119	        }.get(status, EventTransition.UPDATE)
   120	        reason_code = {
   121	            "collision_risk": "TTC_CRITICAL",
   122	            "microsleep": "MICROSLEEP",
   123	            "driver_drowsiness": "DROWSY",
   124	            "driver_distraction": "DISTRACTED",
   125	            "yawning": "YAWNING",
   126	            "tailgating": "TAILGATING",
   127	            "speeding": "SPEEDING",
   128	            "harsh_brake": "HARSH_BRAKE",
   129	            "harsh_accel": "HARSH_ACCEL",
   130	            "harsh_corner": "HARSH_CORNER",
   131	        }.get(alert_type, "NONE")
   132	        action_code = {
   133	            "collision_risk": "BRAKE_SAFE",
   134	            "microsleep": "TAKE_BREAK",
   135	            "driver_drowsiness": "TAKE_BREAK",
   136	            "driver_distraction": "FOCUS_FORWARD",
   137	            "speeding": "REDUCE_SPEED",
   138	        }.get(alert_type, "NONE")
   139	
   140	        payload = {
   141	            "driver_state": evidence.get("driver_state"),
   142	            "alertness_score": evidence.get("alertness_score"),
   143	            "speed_kmh": evidence.get("speed_kmh"),
   144	            "predicted_ttc_sec": evidence.get("predicted_ttc_sec"),
   145	            "risk_score": evidence.get("c3_risk_score"),
   146	            "severity": hmi_state.value,
   147	            "critical_alert": hmi_state is CarSkyHMIState.CRITICAL,
   148	            "recommended_action": action_code,
   149	            "ai_status": AIStatus.ONLINE.value,
   150	        }
   151	        return self.map_live_snapshot(
   152	            payload,
   153	            data_age_ms=data_age_ms,
   154	            transition=transition.value,
   155	            realtime=False,
   156	        )
   157	
   158	    def map_live_snapshot(
   159	        self,
   160	        snapshot: Mapping[str, Any],
   161	        *,
   162	        data_age_ms: int = 0,
   163	        transition: str | None = None,
   164	        realtime: bool = True,
   165	    ) -> dict[str, list[dict[str, Any]]]:
   166	        """Map live dashboard telemetry to the BTC-compatible speed-mux VHAL path.
   167	
   168	        Current CarSky/AAOS only accepts standard Vehicle.Speed. The APK V2.2
   169	        decodes decimal groups 41..50 from this one property.
   170	        """
   171	        if data_age_ms < 0:
   172	            raise ValueError("data_age_ms must not be negative")
   173	
   174	        risk = self._number(snapshot.get("risk_score"), None)
   175	        ttc = self._number(snapshot.get("predicted_ttc_sec"), None)
   176	        driver_state = str(snapshot.get("driver_state") or "alert").lower()
   177	        alertness = self._number(snapshot.get("alertness_score"), None)
   178	        speed = self._number(snapshot.get("speed_kmh"), None)
   179	        safe_score = self._number(snapshot.get("safe_driving_score"), None)
   180	
   181	        severity = str(snapshot.get("severity") or "").upper()
   182	        if severity not in {"SAFE", "WARNING", "CRITICAL", "RECOVERY"}:
   183	            severity = self._derive_severity(risk or 0.0, ttc, driver_state)
   184	
   185	        action = str(snapshot.get("recommended_action") or "")
   186	        if action not in {"NONE", "FOCUS_FORWARD", "TAKE_BREAK", "BRAKE_SAFE", "REDUCE_SPEED"}:
   187	            action = self._derive_action(snapshot, ttc, driver_state, severity)
   188	
   189	        values: list[float] = [
   190	            self._mux(42, self._severity_code(severity)),
   191	            self._mux(43, self._driver_state_code(driver_state)),
   192	            self._mux(46, 1 if severity == "CRITICAL" or bool(snapshot.get("critical_alert")) else 0),
   193	            self._mux(47, self._ai_status_code(str(snapshot.get("ai_status") or "ONLINE"))),
   194	            self._mux(48, self._action_code(action)),
   195	        ]
   196	        if risk is not None and math.isfinite(risk):
   197	            values.insert(0, self._mux(41, risk))
   198	        if alertness is not None and math.isfinite(alertness):
   199	            values.append(self._mux(44, self._scale(alertness, 100)))
   200	        if ttc is not None and math.isfinite(ttc):
   201	            values.append(self._mux(45, self._scale(ttc, 10)))
   202	        if speed is not None and math.isfinite(speed):
   203	            values.append(self._mux(49, speed))
   204	        if safe_score is not None and math.isfinite(safe_score):
   205	            values.append(self._mux(50, safe_score))
   206	
   207	        signals = [{"path": self.paths.speed_mux, "value": value} for value in values]
   208	        return {
   209	            "transport": "vehicle-speed-mux",
   210	            "transition": transition,
   211	            "realtime": realtime,
   212	            "signals": signals,
   213	        }
   214	
