ffmpeg version 4.4.2-0ubuntu0.22.04.1 Copyright (c) 2000-2021 the FFmpeg developers
  built with gcc 11 (Ubuntu 11.2.0-19ubuntu1)
  configuration: --prefix=/usr --extra-version=0ubuntu0.22.04.1 --toolchain=hardened --libdir=/usr/lib/x86_64-linux-gnu --incdir=/usr/include/x86_64-linux-gnu --arch=amd64 --enable-gpl --disable-stripping --enable-gnutls --enable-ladspa --enable-libaom --enable-libass --enable-libbluray --enable-libbs2b --enable-libcaca --enable-libcdio --enable-libcodec2 --enable-libdav1d --enable-libflite --enable-libfontconfig --enable-libfreetype --enable-libfribidi --enable-libgme --enable-libgsm --enable-libjack --enable-libmp3lame --enable-libmysofa --enable-libopenjpeg --enable-libopenmpt --enable-libopus --enable-libpulse --enable-librabbitmq --enable-librubberband --enable-libshine --enable-libsnappy --enable-libsoxr --enable-libspeex --enable-libsrt --enable-libssh --enable-libtheora --enable-libtwolame --enable-libvidstab --enable-libvorbis --enable-libvpx --enable-libwebp --enable-libx265 --enable-libxml2 --enable-libxvid --enable-libzimg --enable-libzmq --enable-libzvbi --enable-lv2 --enable-omx --enable-openal --enable-opencl --enable-opengl --enable-sdl2 --enable-pocketsphinx --enable-librsvg --enable-libmfx --enable-libdc1394 --enable-libdrm --enable-libiec61883 --enable-chromaprint --enable-frei0r --enable-libx264 --enable-shared
  libavutil      56. 70.100 / 56. 70.100
  libavcodec     58.134.100 / 58.134.100
  libavformat    58. 76.100 / 58. 76.100
  libavdevice    58. 13.100 / 58. 13.100
  libavfilter     7.110.100 /  7.110.100
  libswscale      5.  9.100 /  5.  9.100
  libswresample   3.  9.100 /  3.  9.100
  libpostproc    55.  9.100 / 55.  9.100
Input #0, image2, from '/home/student/Workspace/hungplt2/carla/evidence/E-12/clean_run_20260810T070042Z/T01-Sample/kitti/image_2/*.jpg':
  Duration: 00:00:26.95, start: 0.000000, bitrate: N/A
  Stream #0:0: Video: mjpeg (Baseline), yuvj420p(pc, bt470bg/unknown/unknown), 640x360 [SAR 1:1 DAR 16:9], 20 fps, 20 tbr, 20 tbn, 20 tbc
Stream mapping:
  Stream #0:0 -> #0:0 (mjpeg (native) -> h264 (libx264))
Press [q] to stop, [?] for help
[swscaler @ 0x55b1516643c0] deprecated pixel format used, make sure you did set range correctly
[libx264 @ 0x55b151141880] using SAR=1/1
[libx264 @ 0x55b151141880] using cpu capabilities: MMX2 SSE2Fast SSSE3 SSE4.2 AVX FMA3 BMI2 AVX2
[libx264 @ 0x55b151141880] profile High, level 2.2, 4:2:0, 8-bit
[libx264 @ 0x55b151141880] 264 - core 163 r3060 5db6aa6 - H.264/MPEG-4 AVC codec - Copyleft 2003-2021 - http://www.videolan.org/x264.html - options: cabac=1 ref=3 deblock=1:0:0 analyse=0x3:0x113 me=hex subme=7 psy=1 psy_rd=1.00:0.00 mixed_ref=1 me_range=16 chroma_me=1 trellis=1 8x8dct=1 cqm=0 deadzone=21,11 fast_pskip=1 chroma_qp_offset=-2 threads=11 lookahead_threads=1 sliced_threads=0 nr=0 decimate=1 interlaced=0 bluray_compat=0 constrained_intra=0 bframes=3 b_pyramid=2 b_adapt=1 b_bias=0 direct=1 weightb=1 open_gop=0 weightp=2 keyint=250 keyint_min=20 scenecut=40 intra_refresh=0 rc_lookahead=40 rc=crf mbtree=1 crf=20.0 qcomp=0.60 qpmin=0 qpmax=69 qpstep=4 ip_ratio=1.40 aq=1:1.00
Output #0, mp4, to '/home/student/Workspace/hungplt2/carla/evidence/E-12/sample_trip.mp4':
  Metadata:
    encoder         : Lavf58.76.100
  Stream #0:0: Video: h264 (avc1 / 0x31637661), yuv420p(tv, bt470bg/unknown/unknown, progressive), 640x360 [SAR 1:1 DAR 16:9], q=2-31, 20 fps, 10240 tbn
    Metadata:
      encoder         : Lavc58.134.100 libx264
    Side data:
      cpb: bitrate max/min/avg: 0/0/0 buffer size: 0 vbv_delay: N/A
frame=    1 fps=0.0 q=0.0 size=       0kB time=00:00:00.00 bitrate=N/A speed=N/A    frame=  248 fps=0.0 q=25.0 size=    3072kB time=00:00:09.50 bitrate=2649.0kbits/s speed=18.8x    frame=  508 fps=505 q=25.0 size=    7680kB time=00:00:22.50 bitrate=2796.2kbits/s speed=22.4x    frame=  539 fps=459 q=-1.0 Lsize=    9288kB time=00:00:26.80 bitrate=2839.2kbits/s speed=22.8x    
video:9281kB audio:0kB subtitle:0kB other streams:0kB global headers:0kB muxing overhead: 0.078506%
[libx264 @ 0x55b151141880] frame I:3     Avg QP:19.53  size: 51850
[libx264 @ 0x55b151141880] frame P:139   Avg QP:20.62  size: 27948
[libx264 @ 0x55b151141880] frame B:397   Avg QP:23.93  size: 13760
[libx264 @ 0x55b151141880] consecutive B-frames:  1.5%  0.7%  0.6% 97.2%
[libx264 @ 0x55b151141880] mb I  I16..4:  2.0% 62.5% 35.5%
[libx264 @ 0x55b151141880] mb P  I16..4:  0.9% 17.7%  9.3%  P16..4: 23.7% 21.4% 16.6%  0.0%  0.0%    skip:10.4%
[libx264 @ 0x55b151141880] mb B  I16..4:  0.2%  4.5%  1.8%  B16..8: 34.7% 17.5%  8.3%  direct:10.5%  skip:22.5%  L0:39.1% L1:38.3% BI:22.6%
[libx264 @ 0x55b151141880] 8x8 transform intra:65.7% inter:39.2%
[libx264 @ 0x55b151141880] coded y,uvDC,uvAC intra: 86.4% 53.4% 31.9% inter: 40.8% 22.0% 10.4%
[libx264 @ 0x55b151141880] i16 v,h,dc,p: 30% 33% 21% 16%
[libx264 @ 0x55b151141880] i8 v,h,dc,ddl,ddr,vr,hd,vl,hu: 18% 15% 41%  4%  4%  3%  6%  3%  7%
[libx264 @ 0x55b151141880] i4 v,h,dc,ddl,ddr,vr,hd,vl,hu: 24% 18% 18%  6%  6%  6%  8%  6%  9%
[libx264 @ 0x55b151141880] i8c dc,h,v,p: 64% 17% 16%  3%
[libx264 @ 0x55b151141880] Weighted P-Frames: Y:0.0% UV:0.0%
[libx264 @ 0x55b151141880] ref P L0: 51.1% 11.7% 21.5% 15.7%
[libx264 @ 0x55b151141880] ref B L0: 85.3% 11.8%  2.9%
[libx264 @ 0x55b151141880] ref B L1: 94.3%  5.7%
[libx264 @ 0x55b151141880] kb/s:2820.95
