# commands.log — E-34
# Record of actual operations performed to organize evidence E-34
# Date: 2026-08-10

# --- Step 1: Create main report file (reports/) ---
# Content: the entire file E-34_Privacy_Safety_Draft_Policy.md, kept 100% intact
# Source: C:\Users\TUF\Downloads\E-34_Privacy_Safety_Draft_Policy.md
# Destination: evidence/E-34/reports/source_report.md
write_to_file evidence/E-34/reports/source_report.md  # [DONE] 2026-08-10T03:02:28Z

# --- Step 2: Extract gaps list to CSV (derived/) ---
# Extract "Specific unresolved gaps list" (section 4 of original file) to independent CSV
# Add columns: Category / Required action / Responsible person / Timeline
# to turn the list into a reusable progress tracking table
# Destination: evidence/E-34/derived/privacy_gaps_list.csv
write_to_file evidence/E-34/derived/privacy_gaps_list.csv  # [DONE] 2026-08-10T03:05:16Z

# --- Step 3: Leave raw/ empty — create explanation file ---
# Do not create any data files in raw/ because no approver has signed and no meeting minutes exist
# Create .gitkeep_reason.txt to record the reason for being empty — reflecting the true state
write_to_file evidence/E-34/raw/.gitkeep_reason.txt  # [DONE] 2026-08-10T03:44:58Z

# --- Step 4: Create this file (commands/) ---
write_to_file evidence/E-34/commands/commands.log  # [DONE] 2026-08-10
