# commands.log — E-32
# Record of actual operations performed to organize evidence E-32
# Date: 2026-08-10

# --- Step 1: Create main report file (reports/) ---
# Content: the entire file E-32_Pilot_Protocol_Draft.md, kept 100% intact
# Source: C:\Users\TUF\Downloads\E-32_Pilot_Protocol_Draft.md
# Destination: evidence/E-32/reports/source_report.md
write_to_file evidence/E-32/reports/source_report.md  # [DONE] 2026-08-10T03:01:06Z

# --- Step 2: Extract KPI table to CSV (derived/) ---
# Extract "KPIs to measure" table (section 3 of original file) to independent CSV
# Keep the "Status note" column (TARGET — not measured)
# Destination: evidence/E-32/derived/pilot_kpi_table.csv
write_to_file evidence/E-32/derived/pilot_kpi_table.csv  # [DONE] 2026-08-10T03:04:30Z

# --- Step 3: Extract pilot phases table to CSV (derived/) ---
# Extract "Proposed Pilot Framework" table (section 2 of original file) to independent CSV
# Keep the "Status note" column (PLANNED — not started)
# Destination: evidence/E-32/derived/pilot_phases_table.csv
write_to_file evidence/E-32/derived/pilot_phases_table.csv  # [DONE] 2026-08-10T03:04:30Z

# --- Step 4: Leave raw/ empty — create explanation file ---
# Do not create any data files in raw/ because no real pilot exists yet
# Create .gitkeep_reason.txt to record the reason for being empty — reflecting the true state
write_to_file evidence/E-32/raw/.gitkeep_reason.txt  # [DONE] 2026-08-10T03:44:58Z

# --- Step 5: Create this file (commands/) ---
write_to_file evidence/E-32/commands/commands.log  # [DONE] 2026-08-10
