$ python3 -m compileall SE/BE/app AI/core

returncode=0
Listing 'SE/BE/app'...
Compiling 'SE/BE/app/__init__.py'...
Listing 'SE/BE/app/adapters'...
Compiling 'SE/BE/app/adapters/__init__.py'...
Compiling 'SE/BE/app/adapters/csv_file_adapter.py'...
Listing 'SE/BE/app/core'...
Compiling 'SE/BE/app/core/__init__.py'...
Compiling 'SE/BE/app/core/config.py'...
Compiling 'SE/BE/app/core/errors.py'...
Compiling 'SE/BE/app/core/logger.py'...
Listing 'SE/BE/app/domain'...
Compiling 'SE/BE/app/domain/__init__.py'...
Listing 'SE/BE/app/domain/interfaces'...
Compiling 'SE/BE/app/domain/interfaces/__init__.py'...
Compiling 'SE/BE/app/domain/interfaces/base_data_adapter.py'...
Compiling 'SE/BE/app/domain/interfaces/base_detector.py'...
Compiling 'SE/BE/app/domain/interfaces/base_risk_model.py'...
Listing 'SE/BE/app/domain/schemas'...
Compiling 'SE/BE/app/domain/schemas/__init__.py'...
Compiling 'SE/BE/app/domain/schemas/ai_contract.py'...
Compiling 'SE/BE/app/domain/schemas/ai_vision.py'...
Compiling 'SE/BE/app/domain/schemas/responses.py'...
Compiling 'SE/BE/app/domain/schemas/risk.py'...
Compiling 'SE/BE/app/domain/schemas/submission.py'...
Compiling 'SE/BE/app/domain/schemas/telemetry.py'...
Listing 'SE/BE/app/integrations'...
Compiling 'SE/BE/app/integrations/__init__.py'...
Listing 'SE/BE/app/integrations/carsky'...
Compiling 'SE/BE/app/integrations/carsky/__init__.py'...
Compiling 'SE/BE/app/integrations/carsky/client.py'...
Compiling 'SE/BE/app/integrations/carsky/mapper.py'...
Compiling 'SE/BE/app/integrations/carsky/service.py'...
Compiling 'SE/BE/app/main.py'...
Listing 'SE/BE/app/modules'...
Compiling 'SE/BE/app/modules/__init__.py'...
Listing 'SE/BE/app/modules/ai_alerts'...
Compiling 'SE/BE/app/modules/ai_alerts/__init__.py'...
Compiling 'SE/BE/app/modules/ai_alerts/router.py'...
Listing 'SE/BE/app/modules/coaching'...
Compiling 'SE/BE/app/modules/coaching/__init__.py'...
Compiling 'SE/BE/app/modules/coaching/fallback_engine.py'...
Compiling 'SE/BE/app/modules/coaching/llm_service.py'...
Compiling 'SE/BE/app/modules/coaching/router.py'...
Listing 'SE/BE/app/modules/event_detection'...
Compiling 'SE/BE/app/modules/event_detection/__init__.py'...
Compiling 'SE/BE/app/modules/event_detection/detector_registry.py'...
Listing 'SE/BE/app/modules/event_detection/detectors'...
Compiling 'SE/BE/app/modules/event_detection/detectors/brake_detector.py'...
Compiling 'SE/BE/app/modules/event_detection/detectors/corner_detector.py'...
Compiling 'SE/BE/app/modules/event_detection/detectors/driver_state_detector.py'...
Compiling 'SE/BE/app/modules/event_detection/detectors/smoke_detector.py'...
Compiling 'SE/BE/app/modules/event_detection/detectors/speed_detector.py'...
Compiling 'SE/BE/app/modules/event_detection/router.py'...
Listing 'SE/BE/app/modules/fleet'...
Compiling 'SE/BE/app/modules/fleet/__init__.py'...
Compiling 'SE/BE/app/modules/fleet/fleet_service.py'...
Compiling 'SE/BE/app/modules/fleet/router.py'...
Listing 'SE/BE/app/modules/insurance'...
Compiling 'SE/BE/app/modules/insurance/__init__.py'...
Compiling 'SE/BE/app/modules/insurance/insurance_service.py'...
Compiling 'SE/BE/app/modules/insurance/router.py'...
Listing 'SE/BE/app/modules/risk_fusion'...
Compiling 'SE/BE/app/modules/risk_fusion/__init__.py'...
Listing 'SE/BE/app/modules/risk_fusion/algorithms'...
Compiling 'SE/BE/app/modules/risk_fusion/algorithms/nhtsa_v1.py'...
Compiling 'SE/BE/app/modules/risk_fusion/risk_service.py'...
Compiling 'SE/BE/app/modules/risk_fusion/router.py'...
Compiling 'SE/BE/app/modules/risk_fusion/temporal_filter.py'...
Compiling 'SE/BE/app/modules/risk_fusion/ttc_baseline.py'...
Listing 'SE/BE/app/modules/streaming'...
Compiling 'SE/BE/app/modules/streaming/__init__.py'...
Compiling 'SE/BE/app/modules/streaming/replay_service.py'...
Compiling 'SE/BE/app/modules/streaming/router.py'...
Compiling 'SE/BE/app/modules/streaming/ws_manager.py'...
Listing 'AI/core'...
Compiling 'AI/core/__init__.py'...
Compiling 'AI/core/btc_trip.py'...
Listing 'AI/core/challenge1_road'...
Compiling 'AI/core/challenge1_road/__init__.py'...
Compiling 'AI/core/challenge1_road/depth.py'...
Compiling 'AI/core/challenge1_road/detection.py'...
Compiling 'AI/core/challenge1_road/predict_ttc.py'...
Compiling 'AI/core/challenge1_road/ttc_engine.py'...
Listing 'AI/core/challenge2_driver'...
Compiling 'AI/core/challenge2_driver/__init__.py'...
Compiling 'AI/core/challenge2_driver/dms_core.py'...
Compiling 'AI/core/challenge2_driver/driver_enrollment.py'...
Compiling 'AI/core/challenge2_driver/driver_profile.py'...
Compiling 'AI/core/challenge2_driver/face_landmarker.py'...
Compiling 'AI/core/challenge2_driver/hand_landmarker.py'...
Compiling 'AI/core/challenge2_driver/label_contract.py'...
Compiling 'AI/core/challenge2_driver/ml_features.py'...
Compiling 'AI/core/challenge2_driver/model_contract.py'...
Compiling 'AI/core/challenge2_driver/predict_state.py'...
Compiling 'AI/core/challenge2_driver/safety_fusion.py'...
Listing 'AI/core/challenge3_fusion'...
Compiling 'AI/core/challenge3_fusion/__init__.py'...
Compiling 'AI/core/challenge3_fusion/risk_engine.py'...
Listing 'AI/core/decision_engine'...
Compiling 'AI/core/decision_engine/__init__.py'...
Compiling 'AI/core/decision_engine/engine.py'...
Compiling 'AI/core/decision_engine/policy.py'...
Compiling 'AI/core/decision_engine/schemas.py'...
Listing 'AI/core/runtime'...
Compiling 'AI/core/runtime/adaptive_scheduler.py'...
Compiling 'AI/core/runtime/demo_engine.py'...
Compiling 'AI/core/runtime/input_sources.py'...
Compiling 'AI/core/runtime/model_registry.py'...
Compiling 'AI/core/runtime/paths.py'...
